foobar
READ data
instantiated new class mc
test function
1 2
true
false
I IS 0
I IS 1
I IS 2
I IS 3
I IS 4
I IS 5
I IS 6
I IS 7
I IS 8
I IS 9
destructor for mc called data
